AMPCS chill_get_packets Multi-Mission Core Version: 8
